['ko04010', 'ko04060', 'ko04064', 'ko04380', 'ko04620', 'ko04621', 'ko04623', 'ko04640', 'ko04668', 'ko04750', 'ko04932', 'ko04933', 'ko04940', 'ko05010', 'ko05020', 'ko05132', 'ko05133', 'ko05134', 'ko05140', 'ko05142', 'ko05143', 'ko05144', 'ko05146', 'ko05152', 'ko05162', 'ko05164', 'ko05168', 'ko05321', 'ko05323', 'ko05332']
ko04010
ko04060
ko04064
ko04380
color not detected. Signal assigned to activation arbitrarily
[]
ko04620
ko04621
ko04623
ko04640
ko04668
ko04750
ko04932
ko04933
ko04940
color not detected. Signal assigned to activation arbitrarily
['state change']
ko05010
color not detected. Signal assigned to activation arbitrarily
['state change']
color not detected. Signal assigned to activation arbitrarily
['state change']
color not detected. Signal assigned to activation arbitrarily
['state change']
color not detected. Signal assigned to activation arbitrarily
['state change']
ko05020
color not detected. Signal assigned to activation arbitrarily
[]
color not detected. Signal assigned to activation arbitrarily
[]
color not detected. Signal assigned to activation arbitrarily
[]
color not detected. Signal assigned to activation arbitrarily
[]
color not detected. Signal assigned to activation arbitrarily
[]
color not detected. Signal assigned to activation arbitrarily
[]
color not detected. Signal assigned to activation arbitrarily
['repression']
color not detected. Signal assigned to activation arbitrarily
[]
color not detected. Signal assigned to activation arbitrarily
[]
color not detected. Signal assigned to activation arbitrarily
[]
ko05132
color not detected. Signal assigned to activation arbitrarily
[]
color not detected. Signal assigned to activation arbitrarily
[]
color not detected. Signal assigned to activation arbitrarily
[]
color not detected. Signal assigned to activation arbitrarily
[]
color not detected. Signal assigned to activation arbitrarily
[]
color not detected. Signal assigned to activation arbitrarily
[]
color not detected. Signal assigned to activation arbitrarily
[]
color not detected. Signal assigned to activation arbitrarily
[]
color not detected. Signal assigned to activation arbitrarily
[]
color not detected. Signal assigned to activation arbitrarily
[]
ko05133
color not detected. Signal assigned to activation arbitrarily
[]
color not detected. Signal assigned to activation arbitrarily
[]
color not detected. Signal assigned to activation arbitrarily
[]
color not detected. Signal assigned to activation arbitrarily
[]
color not detected. Signal assigned to activation arbitrarily
[]
color not detected. Signal assigned to activation arbitrarily
[]
ko05134
ko05140
ko05142
ko05143
ko05144
ko05146
color not detected. Signal assigned to activation arbitrarily
[]
ko05152
ko05162
ko05164
color not detected. Signal assigned to activation arbitrarily
[]
color not detected. Signal assigned to activation arbitrarily
[]
ko05168
ko05321
ko05323
ko05332
['norR', 'fliC', 'norV', 'HSPA5', 'evgA', 'K05448-K16858-K05449', 'CPB', 'CPE', 'IL6ST', 'IFNAR2', 'K02677-K19662-K19663', 'IFNAR1', 'cpd-C14818', 'LIFR', 'path-ko05140', 'K19901', 'AIP4', 'ADIPOR', 'IFNW1', 'BIRC2_3', 'K05130-K05131', 'K10160-K10159', 'cpd-C00070', 'TYROBP', 'FCER1G', 'CAMK2', 'PRNP', 'CAMK4', 'cpd-C14768-cpd-C14769', 'gC', 'gB', 'K03997-K03998-K03999', 'VSG', 'K19863', 'VDAC1', 'TAO', 'bteA', 'IRAK4', 'cpd-C20698', 'ARHGEF12', 'IFNK', 'DIAPH1', 'K02833-K07827-K07828', 'K05132-K05133', 'IFNG', 'MUC2', 'IFNB', 'IFNA', 'K02580-K04735', 'P', 'cpd-C01194', 'F3', 'esxA', 'ACTB_G1', 'CSF3R', 'sdcA', 'CXCL11', 'CXCL10', 'CXCL13', 'CXCL12', 'CXCL15', 'CXCL14', 'CXCL16', 'cpd-C00027', 'GADD45', 'EHLIMA', 'CCND1', 'MAX', 'SKP1', 'lpqH', 'path-ko05144', 'K04735-K02580', 'evgS', 'cyaC', 'cyaA', 'JNK', 'path-ko05142', 'K08061-K08062-K08063', 'E3.1.3.2', 'HMGN1', 'path-ko05143', 'TNFSF13', 'TNFSF12', 'TNFSF11', 'TNFSF10', 'cpd-C00780', 'TNFSF15', 'ACVR1B', 'CDKN1B', 'TNFSF18', 'ITGA5', 'K04443-K04444', 'M1', 'KLC', 'M2', 'tolC', 'STIP1', 'cpd-C20640', 'cpd-C00238', 'SERPINE1', 'IFIT1', 'XPO1', 'K15042-K15043', 'APOE', 'RAE1', 'IL8RB', 'path-ko04621', 'path-ko04622', 'IL8RA', 'path-ko04510', 'path-ko05321', 'CCL28', 'slo', 'TNFRSF8', 'TNFRSF9', 'NF1', 'HRH1', 'CCL21', 'TNFRSF5', 'TNFRSF6', 'TNFRSF7', 'CCL25', 'CCL27', 'TNFRSF3', 'IL5RA', 'MX1', 'FYN', 'path-ko04514', 'K03018-K03021-K03023-K03026-K03027-K03019-K03020-K03022-K03024-K03025-K14721-K03013-K03014-K03016-K03009-K03007', 'PA', 'UL13', 'GYPA_B', 'sspH2', 'ipgD', 'SUGT1', 'VEGFA', 'E3.5.3.1', 'VEGFB', 'CNTFR', 'pknG', 'THBD', 'IGL', 'sdbA', 'cpd-C00306', 'GDF5_6_7', 'ITGAX', 'legK1', 'path-ko04920', 'K04344-K04849-K04850-K04851-K04852-K04853-K04854-K04855-K04856-K04857-K04858-K04859-K04860-K04861-K04862-K04863-K04864-K04865-K04866-K04867-K04868-K04869-K04870-K04871-K04872-K04873', 'GZMB', 'BCL2A1', 'lepA', 'NCAM', 'INS', 'IL12RB1', 'CD14', 'path-ko04120', 'NOX', 'ITGAM', 'RIF', 'IL11RA', 'FLNA', 'CDC42', 'IL15RA', 'path-ko04940', 'norW', 'CD19', 'K04459-K18498-K20216', 'IL12RB2', 'SMAD4', 'FY', 'K08064-K08065-K08066', 'K10784-K10785', 'EBA140', 'K08041-K08042-K08043-K08044-K08045-K08046-K08047-K08048-K08049', 'cpd-C19317', 'AKT', 'path-ko05020', 'XIAP', 'sseC', 'K06461-K06464', 'SAR1', 'RL1', 'US3', 'TNFSF13B', 'PKLR', 'SPI1', 'enhC', 'HSF1', 'K11217-K11219', 'K10048-K10049', 'cpd-C00704-cpd-C00027-cpd-C00533', 'path-ko04640', 'CSP', 'path-ko04750', 'path-ko03013', 'vipE', 'vipD', 'vipA', 'path-ko03015', 'cpd-C04637', 'IL17E', 'K04403-K04404-K12793', 'C1QBP', 'LAMA4', 'cpd-C05443', 'CTF1', 'cpd-C00400', 'FOXP3', 'E3.4.15.1', 'LEPR', 'LTB', 'LTA', 'IL3RA', 'BAX', 'IL17R', 'MCRS1', 'SRPK1', 'IL2RA', 'IL2RB', 'EDA', 'path-ko05146', 'SLAMF1', 'IL2RG', 'path-ko04710', 'LSP1', 'IL21R', 'MAP2K1', 'TP73', 'path-ko03040', 'CORO1A', 'SPP1', 'MME', 'K05718-K06464', 'K08645-K11030', 'PABPN1', 'MAP2K6', 'K02089-K02091-K02206', 'cpd-C00903', 'K05398-K10169', 'IRF8', 'NGFB', 'K03456-K04354-K04382', 'HPHBR', 'ERC1', 'G00054-gl-G00052', 'EGFR', 'cpd-C00575', 'AMA-1', 'K08822-K03083', 'PLCG2', 'PLCG1', 'sseF', 'NGFR', 'MLKL', 'sseB', 'MITF', 'CPSF4', 'TNFSF14', 'K04458-K18018-K18019-K17614', 'K03915-K03916', 'K04409-K04410', 'EEA1', 'EIF2S1', 'CPKC', 'sseD', 'sseG', 'CXCR3', 'IRAK1', 'ITGB1', 'CXCR7', 'CXCR6', 'CXCR5', 'CXCR4', 'sseJ', 'K01367-K03853', 'K04368-K04369', 'K04734-K02581', 'TNFRSF19L', 'CNTF', 'ITGB3', 'NOS3', 'APPBP1', 'spvB', 'CD44', 'CD46', 'path-ko02020', 'path-ko04370', 'SRC', 'K19434-K19435', 'cpd-C00808-cpd-C00809', 'cpd-C01277', 'IL33', 'K19722', 'HGF', 'K11217-K11218', 'NXT1_2', 'CTSG', 'cpd-C12505', 'K05753-K05748', 'PFEMP1', 'cpd-C00584', 'PPP1C', 'K02677-K19662-K06068-K18050-K18952', 'lubX', 'CALR', 'K16857-K04659', 'lidA', 'K02132-K02133-K02136-K02134-K02135-K02126-K02127-K02128-K02138-K02137-K02131-K02125', 'MAP3K11', 'MAP3K12', 'MAP3K13', 'MAP3K14', 'CALM', 'K04694-K04696', 'path-ko04670', 'IRF3', 'VCL', 'CFP', 'K06480-K06481-K06482-K06483-K06484-K06485', 'CD74', 'LIF', 'SFTPA', 'GHR', 'C9', 'K13838-K13839-K13840-K13841-K13842-K13843-K13844', 'K05404-K10170', 'IKBKB', 'IKBKA', 'cpd-C00195', 'IKBKG', 'FCGR1A', 'IKBKE', 'lpnE', 'EGF', 'EIF3H', 'LBP', 'GYPC', 'cpd-C00078', 'path-ko03050', 'STAT3', 'K04674-K04388', 'PRL', 'NCF4', 'K04692-K11223-K11224', 'path-ko04010', 'UL54', 'FADD', 'RELB', 'RELA', 'path-ko04151', 'K02087-K02206', 'K04259-K04261', 'path-ko00190', 'sphB1', 'K05208-K05209-K05210-K05211-K05212', 'namH', 'cpd-C05965-cpd-C05966-cpd-C04805-cpd-C04742-cpd-C02165', 'L', 'IFIH1', 'CTSD', 'sidI', 'TNFRSF21', 'LPL', 'sidM', 'TNFRSF25', 'LY96', 'K04430-K04431', 'KITLG', 'sidC', 'sidF', 'ADCY1', 'lgt1_2_3', 'FN1', 'NR1F3', 'APP', 'CSF1', 'CSF2', 'CSF3', 'SYK', 'LRDD', 'ELK1', 'CYLD', 'ELK4', 'K06498-K06472-K12560-K16824-K06463', 'TRIP6', 'MAVS', 'K20723-K20720', 'CCL2', 'NFATC1', 'NFATC2', 'NFATC3', 'cpd-C00533', 'IL10RA', 'IL10RB', 'CCL5', 'hlyB', 'CCL8', 'E2.7.7.31', 'NOS2', 'TLTF', 'path-ko00061', 'ITGB2', 'cpd-C00328', 'path-ko04330', 'cpd-C04549', 'K04448-K04379', 'RPB1', 'cpd-C06124', 'RSAD2', 'DDX58', 'COL1AS', 'TIRAP', 'ADAR', 'TREX1', 'UL41', 'K05754-K05755-K05756-K05757-K05758', 'K03172-K03173', 'PKA', 'K07899-K07900', 'TMPRSS13', 'K02649-K00922', 'path-ko04141', 'NLK', 'cpd-C01245', 'PKN', 'K01116-K05859', 'IGF1', 'K05414-K05415', 'cpd-C00388', 'K04386-K04387', 'cpd-C01561', 'K06543-K06728', 'path-ko05100', 'path-ko05332', 'LAT', 'TEK', 'ECSIT', 'EHCP', 'SKP2', 'sseI', 'EP', 'K07874-K07875', 'EPOR', 'IRF1', 'UL48', 'IRF7', 'IRF5', 'PPP5C', 'IRF9', 'path-ko04630', 'MEF2C', 'US12', 'HNRNPK', 'K14377-K06512', 'DNAJB1', 'BTK', 'CD209', 'PDGFRB', 'PDGFRA', 'HSD17B10', 'CLOCK', 'lprG', 'UAP56', 'ATM', 'cpd-C05965', 'lprA', 'P2RY2', 'K05653-K05654', 'PGAM5', 'TRADD', 'cpd-C00219-cpd-C12083', 'K07198-K07199-K07200', 'K07210-K04467-K07209', 'FLT4', 'K03942-K03943-K03944-K03945-K03946-K03947-K03948-K03949-K03950-K03951-K03952-K03953-K03954-K03955-K03956-K11352-K11353-K03957-K03958-K03959-K03960-K03961-K03962-K03963-K03964-K03965-K03966-K11351-K03934-K03935-K03936-K03937-K03938-K03939-K03940-K03941-K03967-K03968', 'FLT3', 'FLT1', 'cpd-C04465-cpd-C19190', 'NLRP1', 'PATMK', 'NLRP3', 'K13968-K13969', 'K07413-K07418-K07425', 'ITGA2B', 'K11220-K04692', 'path-ko04115', 'CSF1R', 'dnaK', 'path-ko04110', 'nsrR', 'CFLAR', 'TNFSF9', 'TNFSF8', 'TNFA', 'path-ko04930', 'path-ko04932', 'path-ko04933', 'TNFSF7', 'TNFRSF6B', 'TNFSF5', 'TNFSF4', 'K00922-K02649', 'TGFBR2', 'TGFBR1', 'K04002-K04003', 'cpd-C01498', 'CASP7', 'SERPINB', 'fhaC', 'TRIF', 'CFL', 'IL6R', 'PML', 'CASP5', 'NP', 'TRAP', 'cpd-C00162', 'cpd-C21011-cpd-C21012-cpd-C21013-cpd-C21014', 'IL1A', 'cpd-C00165', 'RACK1', 'cpd-C00002', 'TJP1', 'path-ko05133', 'TNFRSF17', 'K04829-K04828-K04830-K04831-K04832', 'BAD', 'TNFSF6', 'INDO', 'C5', 'CDK4', 'CDK5', 'path-ko04060', 'cpd-C09155', 'path-ko04064', 'GNAS', 'TGFB1', 'TGFB2', 'TGFB3', 'C1S', 'ACVR2A', 'K06458-K06459', 'K06450-K06451-K06452', 'K07887-K07888-K07889', 'ACVR2B', 'INSR', 'USP7', 'path-ko05168', 'K04392-K04393', 'K07210-K07209-K04467', 'TSLP', 'sdhA', 'K02262-K02256-K02261-K02263-K02264-K02265-K02266-K02267-K02268-K02270-K02271-K02272-K02273', 'ptrB', 'K04353-K07836', 'path-ko00380', 'CEBPB', 'K14378-K06551', 'ARRB', 'IL18RAP', 'fimA', 'BID', 'CAMP', 'XCR1', 'NOP53', 'APOA1', 'CYC', 'NOD1', 'K05406-K05425', 'NOD2', 'CELTOS', 'path-ko04672', 'gD', 'K04379-K04502-K09030-K09029-K04448-K04449-K09028', 'HNRNPUL1', 'path-ko04810', 'RAC1', 'CARD11', 'K13375-K13376-K13377', 'PRKCE', 'PRKCD', 'PYDC1', 'THOP1', 'VCP', 'IFI47', 'CYBA', 'TNFRSF11A', 'TNFRSF11B', 'C1R', 'PRKCQ', 'MLX', 'AIM2', 'BSF3', 'sipA', 'K06483-K05719', 'sipB', 'K04392-K04393-K07860-K07861', 'MKNK', 'path-ko05010', 'NOS1', 'CALCR', 'CLEC7A', 'NR1C1', 'NR1C3', 'K03120-K03133-K03131-K03130-K03129-K14650-K03127-K03134-K15129-K03121', 'K04505-K04522', 'path-ko04620', 'SEC22', 'PTPRN', 'H', 'ZBP1', 'SP100', 'MMP2', 'MMP3', 'K04448-K04450', 'K00234-K00235-K00236-K00237', 'K10413-K10414-K10415-K10416', 'path-ko04623', 'LAMP1_2', 'TBX21', 'G01078-gl-G01493', 'CD33', 'CD34', 'CD36', 'CD37', 'IL21', 'TCAC2', 'IL22', 'cpd-C02140', 'RAPGEF2', 'IL26', 'cpd-C00219', 'cpd-C19596', 'FURIN', 'PECAM1', 'MAP3K8', 'K03097-K03115', 'EHPAK', 'K11223-K11224', 'K04349-K12326', 'MAP3K1', 'MAP3K6', 'MAP3K7', 'MAP3K4', 'MAP3K5', 'PLA2G4', 'TFRC', 'K04432-K04433', 'cpd-C00696', 'TRPV4', 'EEF1A', 'TRPV1', 'CUL1', 'TRPV3', 'TRPV2', 'CTSK', 'CTSL', 'path-ko04610', 'TRIM25', 'DOK1', 'NAIP', 'CREB1', 'M45', 'TNFRSF4', 'path-ko04612', 'MEFV', 'CCL20', 'NUP98', 'CTSS', 'K16172-K07187', 'K04403-K04404', 'CASP10', 'PLCB', 'ZAK', 'K04350-K12361-K12362-K12363', 'FCER2', 'CXCL9', 'PTPN11', 'cpd-C18991', 'path-ko04020', 'KIT', 'path-ko04145', 'path-ko04144', 'K03176-K04360', 'BMPR2', 'path-ko04140', 'EDAR', 'path-ko04142', 'path-ko05416', 'NR1H3', 'K04379-K04448', 'EHCBP', 'K06257-K16336', 'CSF2RB', 'CSF2RA', 'CXCL5_6', 'K04441-K04440', 'K03986-K03987-K03988', 'K10159-K10160-K10168', 'GAB2', 'GAPDH', 'K04434-K04435', 'TNFRSF14', 'K04730-K04731', 'IFNGR1', 'IFNGR2', 'CRK', 'TNFRSF12A', 'CIITA', 'TNFRSF18', 'TNFRSF19', 'sipD', 'DAXX', 'K16342-K16343', 'PPM1B', 'PPM1A', 'sipC', 'PRLR', 'K04346-K04347', 'cpd-C00031', 'JUN', 'K06704-K06059', 'TMEM173', 'CARD9', 'CARD8', 'TRPM8', 'CX3CL1', 'PVDR', 'CARD6', 'path-ko05323', 'K05404-K10161', 'K04730-K04733', 'CDK5R1', 'cpd-C00076-cpd-C01330', 'FOS', 'IL28RA', 'K04632-K04633', 'K04850-K04851-K04853-K04857', 'K02581-K04734', 'MB21D1', 'cpd-C18287', 'LAMC1', 'GP63', 'F2RL1', 'UBE2I', 'EDA2R', 'IL13RA1', 'CR1', 'TNFRSF1B', 'GNAQ', 'TOLLIP', 'TNFRSF1A', 'MOS', 'K05857-K05858-K01116-K05859-K05860', 'CYP2E1', 'cpd-C16003', 'K04383-K04519', 'AGTR1', 'UBE2R', 'LCK', 'AGFG1', 'nrfA', 'K05870-K09048-K04450-K04374-K09047-K09049', 'K04514-K17388', 'K03994-K03995-K03996-K03997-K03998-K03999-K04000', 'BAG4', 'K15492', 'K05856-K05703', 'cpd-C00253', 'PER', 'CD4', 'CCR1', 'CCR2', 'CCR3', 'CCR4', 'CCR5', 'CCR6', 'CCR7', 'CCR8', 'CCR9', 'IL1B', 'RAF1', 'path-ko04210', 'K05489-K05494', 'HSPA1_8', 'STAT4', 'path-ko04350', 'STAT1', 'ptxC', 'CD81', 'CD80', 'cpd-C05005', 'K07897-K07898', 'rtxA1', 'TSLPR', 'CD86', 'FHL2', 'P38', 'sdeA', 'TACR1', 'ICAM1', 'PIK3C3', 'C3', 'C2', 'THOC4', 'IGH', 'FCGR2B', 'KDR', 'C4', 'MARCKSL1', 'CR2', 'path-ko00550', 'JUNB', 'SRF', 'PEN2', 'IL7R', 'cpd-C00080', 'path-ko00590', 'FOXO1', 'N', 'fhaB', 'PLEKHM2', 'path-ko05134', 'FLT3LG', 'ARNTL', 'cpd-C01074', 'TP53', 'WAS', 'LYN', 'path-ko05132', 'IL18', 'LRP1', 'K03173-K03175', 'K19662', 'IL10', 'IL11', 'EIF2AK3', 'IL13', 'IL15', 'KSR1', 'IL17', 'IL6', 'IL7', 'IL4', 'IL5', 'IL2', 'IL3', 'NR2B1', 'STEVOR', 'ptxA', 'ptxB', 'BLNK', 'ptxD', 'ptxE', 'IL8', 'IL9', 'MAP4K1', 'MAP4K3', 'MAP4K2', 'MAP4K4', 'IL23A', 'PRSS', 'MMP14', 'K04362-K05093-K05094-K05095', 'MAP2K3', 'BMPR1A', 'BMPR1B', 'CD28', 'MAP2K7', 'IL23R', 'MAP2K5', 'MAP2K4', 'NLRC4', 'DNAJC3', 'hlyD', 'path-ko05162', 'K16194-K16195-K08860-K16196', 'cpd-C00076', 'APH1', 'path-ko03070', 'path-ko05164', 'AMHR2', 'cpd-C00374', 'BNIP3', 'SOS', 'K07370-K07364', 'ICP8', 'path-ko04070', 'K03173-K09849', 'ICP4', 'path-ko04530', 'ACTNL', 'ICP0', 'MALT1', 'ANPEP', 'virB2', 'HSPB1', 'HPR', 'K04630-K04534', 'cpd-C02135', 'CEBPA', 'BDKRB2', 'RCHY1', 'PLG', 'IL1RAP', 'NS1', 'MHC2', 'K05412-K05413', 'MHC1', 'MAP3K7IP1', 'SQSTM1', 'MAP3K7IP2', 'CASP3', 'CASP1', 'sspH1', 'K06498-K06472-K16824-K06463', 'K05068-K05069-K05070', 'CASP8', 'CASP9', 'VEGFC_D', 'path-ko05152', 'fimD', 'MAPT', 'sopE', 'cpd-C20171', 'ATF6A', 'SPECT', 'M', 'K07371-K07361', 'BCL3', 'BCL2', 'BCL2L1', 'PTGS2', 'HCFC', 'cpd-C01673', 'ERBB2IP', 'ACP5', 'K04388-K04674', 'PLK3', 'K04420-K04421', 'pipB2', 'cpd-C16060', 'EPO', 'CASP12', 'GNAI', 'OAS', 'K04958-K04959-K04960', 'prn', 'path-ko04310', 'path-ko03320', 'BDNF', 'MS4A1', 'K13375-K13376', 'K00411-K00412-K00413-K00414-K00415-K00416-K00417-K00418-K00419-K00420', 'K19378-K19379', 'CD7', 'RYR3', 'IFI202', 'NTRK1', 'SPHK', 'EVI1', 'K02677-K19662-K19663-K06068-K18050-K18051-K18052', 'EDN1', 'sptP', 'MYC', 'MRC', 'RNASEL', 'ZAP70', 'DDIT3', 'ANGPT1', 'SOD1', 'pagP', 'CD22', 'CCR10', 'ACDC', 'cpd-C00634', 'K04521-K07747', 'EGR1', 'CD24', 'NXF', 'HTR2', 'PRF1', 'K04467-K07209-K07210', 'APBB1', 'K12890-K12891-K12892-K12893-K12896', 'PB2', 'E3.4.22.51', 'HBS1', 'BMP7', 'FDPS', 'SH2D1A', 'ATP2A', 'SOCS3', 'CX3CR1', 'CD5', 'EEF1G', 'EEF1D', 'cpd-C12271', 'GSK3B', 'TLR2', 'TLR3', 'K02580-K04469-K04735-K09253', 'GRB2', 'TLR6', 'TLR7', 'TLR4', 'TLR5', 'E4.1.1.15', 'yopJ', 'TLR9', 'K02833-K07827-K07828-K07829-K07830-K07831', 'TNFRSF10', 'CD1', 'IL20RA', 'IL20RB', 'STMN1', 'CD2', 'TRAF1', 'cpd-C02737', 'EP300', 'NFKBIA', 'TRAF2', 'SMAD2_3', 'path-ko04650', 'cpd-C06254', 'cpd-C07600', 'CARD18', 'cpd-C01330-cpd-C00076', 'MP1', 'ralF', 'MAPKAPK5', 'K11220-K11221', 'ACTN', 'IL1R2', 'IL1R1', 'path-map4670', 'AMH', 'K13970-K13971-K13972', 'K10159-K10160', 'K04079-K09487', 'K06236-K06237', 'NLRX1', 'PIM1', 'cpd-C00338', 'PB1F2', 'CD9', 'PILRA', 'K04404-K12793', 'path-ko04380', 'OSM', 'IL22RA2', 'IL22RA1', 'MYD88', 'K04445-K16510', 'RAB7A', 'NR4A1', 'K04359-K17386', 'IL4R', 'STAT6', 'groEL', 'CDC25B', 'UL39', 'K11217-K04447', 'CXCL1_2_3', 'NR1I1', 'ALOX12', 'SREBP1', 'RHOA', 'RBP', 'RHOG', 'K06081-K06531', 'K04503-K10151-K10152-K06626', 'sifA', 'IFNT1', 'TNFAIP3', 'MAP2K2', 'cpd-C05981', 'TLR1', 'SNCA', 'K06450-K06451-K06452-K06453', 'K07887-K07888-K07889-K07897-K07898', 'IL17RB', 'NCF2', 'K09253-K04469', 'K13822-K13823', 'cpd-C09844', 'CCL3', 'JAK2', 'K06464-K06461', 'PTPN6